[debug] [2026-10-01T07:24:38.008Z] ----------------------------------------------------------------------
[debug] [2026-10-01T07:24:38.010Z] Command:       /usr/local/bin/node /Users/shoui/ピタコマ/node_modules/.bin/firebase functions:list --debug
[debug] [2026-10-01T07:24:38.010Z] CLI Version:   14.27.0
[debug] [2026-10-01T07:24:38.010Z] Platform:      darwin
[debug] [2026-10-01T07:24:38.010Z] Node Version:  v22.15.1
[debug] [2026-10-01T07:24:38.010Z] Time:          Thu Oct 01 2026 16:24:38 GMT+0900 (Japan Standard Time)
[debug] [2026-10-01T07:24:38.010Z] ----------------------------------------------------------------------
[debug] 
[debug] [2026-10-01T07:24:38.094Z] > command requires scopes: ["email","openid","https://www.googleapis.com/auth/cloudplatformprojects.readonly","https://www.googleapis.com/auth/firebase","https://www.googleapis.com/auth/cloud-platform"]
[debug] [2026-10-01T07:24:38.094Z] > authorizing via signed-in user (mirailab.admin@gmail.com)
[debug] [2026-10-01T07:24:38.094Z] [iam] checking project shift-controller-4ecaf for permissions ["cloudfunctions.functions.list","firebase.projects.get","run.services.list"]
[debug] [2026-10-01T07:24:38.094Z] Checked if tokens are valid: true, expires at: 1790840657930
[debug] [2026-10-01T07:24:38.094Z] Checked if tokens are valid: true, expires at: 1790840657930
[debug] [2026-10-01T07:24:38.095Z] >>> [apiv2][query] POST https://cloudresourcemanager.googleapis.com/v1/projects/shift-controller-4ecaf:testIamPermissions [none]
[debug] [2026-10-01T07:24:38.095Z] >>> [apiv2][(partial)header] POST https://cloudresourcemanager.googleapis.com/v1/projects/shift-controller-4ecaf:testIamPermissions x-goog-quota-user=projects/shift-controller-4ecaf
[debug] [2026-10-01T07:24:38.095Z] >>> [apiv2][body] POST https://cloudresourcemanager.googleapis.com/v1/projects/shift-controller-4ecaf:testIamPermissions {"permissions":["cloudfunctions.functions.list","firebase.projects.get","run.services.list"]}
[debug] [2026-10-01T07:24:39.030Z] <<< [apiv2][status] POST https://cloudresourcemanager.googleapis.com/v1/projects/shift-controller-4ecaf:testIamPermissions 200
[debug] [2026-10-01T07:24:39.031Z] <<< [apiv2][body] POST https://cloudresourcemanager.googleapis.com/v1/projects/shift-controller-4ecaf:testIamPermissions {"permissions":["cloudfunctions.functions.list","firebase.projects.get","run.services.list"]}
[debug] [2026-10-01T07:24:39.031Z] Checked if tokens are valid: true, expires at: 1790840657930
[debug] [2026-10-01T07:24:39.032Z] Checked if tokens are valid: true, expires at: 1790840657930
[debug] [2026-10-01T07:24:39.032Z] >>> [apiv2][query] GET https://cloudfunctions.googleapis.com/v1/projects/shift-controller-4ecaf/locations/-/functions [none]
[debug] [2026-10-01T07:24:39.639Z] <<< [apiv2][status] GET https://cloudfunctions.googleapis.com/v1/projects/shift-controller-4ecaf/locations/-/functions 403
[debug] [2026-10-01T07:24:39.640Z] <<< [apiv2][body] GET https://cloudfunctions.googleapis.com/v1/projects/shift-controller-4ecaf/locations/-/functions {"error":{"code":403,"message":"Cloud Functions API has not been used in project shift-controller-4ecaf before or it is disabled. Enable it by visiting https://console.developers.google.com/apis/api/cloudfunctions.googleapis.com/overview?project=shift-controller-4ecaf then retry. If you enabled this API recently, wait a few minutes for the action to propagate to our systems and retry.","status":"PERMISSION_DENIED","details":[{"@type":"type.googleapis.com/google.rpc.ErrorInfo","reason":"SERVICE_DISABLED","domain":"googleapis.com","metadata":{"serviceTitle":"Cloud Functions API","activationUrl":"https://console.developers.google.com/apis/api/cloudfunctions.googleapis.com/overview?project=shift-controller-4ecaf","service":"cloudfunctions.googleapis.com","containerInfo":"shift-controller-4ecaf","consumer":"projects/shift-controller-4ecaf"}},{"@type":"type.googleapis.com/google.rpc.LocalizedMessage","locale":"en-US","message":"Cloud Functions API has not been used in project shift-controller-4ecaf before or it is disabled. Enable it by visiting https://console.developers.google.com/apis/api/cloudfunctions.googleapis.com/overview?project=shift-controller-4ecaf then retry. If you enabled this API recently, wait a few minutes for the action to propagate to our systems and retry."},{"@type":"type.googleapis.com/google.rpc.Help","links":[{"description":"Google developers console API activation","url":"https://console.developers.google.com/apis/api/cloudfunctions.googleapis.com/overview?project=shift-controller-4ecaf"}]}]}}
[debug] [2026-10-01T07:24:39.640Z] [functions] failed to list functions for shift-controller-4ecaf
[debug] [2026-10-01T07:24:39.640Z] [functions] Request to https://cloudfunctions.googleapis.com/v1/projects/shift-controller-4ecaf/locations/-/functions had HTTP Error: 403, Cloud Functions API has not been used in project shift-controller-4ecaf before or it is disabled. Enable it by visiting https://console.developers.google.com/apis/api/cloudfunctions.googleapis.com/overview?project=shift-controller-4ecaf then retry. If you enabled this API recently, wait a few minutes for the action to propagate to our systems and retry.
[debug] [2026-10-01T07:24:39.715Z] FirebaseError: Request to https://cloudfunctions.googleapis.com/v1/projects/shift-controller-4ecaf/locations/-/functions had HTTP Error: 403, Cloud Functions API has not been used in project shift-controller-4ecaf before or it is disabled. Enable it by visiting https://console.developers.google.com/apis/api/cloudfunctions.googleapis.com/overview?project=shift-controller-4ecaf then retry. If you enabled this API recently, wait a few minutes for the action to propagate to our systems and retry.
    at responseToError (/Users/shoui/ピタコマ/node_modules/firebase-tools/lib/responseToError.js:53:12)
    at RetryOperation._fn (/Users/shoui/ピタコマ/node_modules/firebase-tools/lib/apiv2.js:322:77)
    at process.processTicksAndRejections (node:internal/process/task_queues:105:5)
[error] 
[error] Error: Failed to list functions for shift-controller-4ecaf
[debug] [2026-10-01T07:24:44.154Z] ----------------------------------------------------------------------
[debug] [2026-10-01T07:24:44.155Z] Command:       /usr/local/bin/node /Users/shoui/ピタコマ/node_modules/.bin/firebase functions:list --debug
[debug] [2026-10-01T07:24:44.155Z] CLI Version:   14.27.0
[debug] [2026-10-01T07:24:44.155Z] Platform:      darwin
[debug] [2026-10-01T07:24:44.156Z] Node Version:  v22.15.1
[debug] [2026-10-01T07:24:44.156Z] Time:          Thu Oct 01 2026 16:24:44 GMT+0900 (Japan Standard Time)
[debug] [2026-10-01T07:24:44.156Z] ----------------------------------------------------------------------
[debug] 
[debug] [2026-10-01T07:24:44.236Z] > command requires scopes: ["email","openid","https://www.googleapis.com/auth/cloudplatformprojects.readonly","https://www.googleapis.com/auth/firebase","https://www.googleapis.com/auth/cloud-platform"]
[debug] [2026-10-01T07:24:44.236Z] > authorizing via signed-in user (mirailab.admin@gmail.com)
[debug] [2026-10-01T07:24:44.236Z] [iam] checking project shift-controller-4ecaf for permissions ["cloudfunctions.functions.list","firebase.projects.get","run.services.list"]
[debug] [2026-10-01T07:24:44.237Z] Checked if tokens are valid: true, expires at: 1790840657930
[debug] [2026-10-01T07:24:44.237Z] Checked if tokens are valid: true, expires at: 1790840657930
[debug] [2026-10-01T07:24:44.237Z] >>> [apiv2][query] POST https://cloudresourcemanager.googleapis.com/v1/projects/shift-controller-4ecaf:testIamPermissions [none]
[debug] [2026-10-01T07:24:44.237Z] >>> [apiv2][(partial)header] POST https://cloudresourcemanager.googleapis.com/v1/projects/shift-controller-4ecaf:testIamPermissions x-goog-quota-user=projects/shift-controller-4ecaf
[debug] [2026-10-01T07:24:44.237Z] >>> [apiv2][body] POST https://cloudresourcemanager.googleapis.com/v1/projects/shift-controller-4ecaf:testIamPermissions {"permissions":["cloudfunctions.functions.list","firebase.projects.get","run.services.list"]}
[debug] [2026-10-01T07:24:45.511Z] <<< [apiv2][status] POST https://cloudresourcemanager.googleapis.com/v1/projects/shift-controller-4ecaf:testIamPermissions 200
[debug] [2026-10-01T07:24:45.512Z] <<< [apiv2][body] POST https://cloudresourcemanager.googleapis.com/v1/projects/shift-controller-4ecaf:testIamPermissions {"permissions":["cloudfunctions.functions.list","firebase.projects.get","run.services.list"]}
[debug] [2026-10-01T07:24:45.512Z] Checked if tokens are valid: true, expires at: 1790840657930
[debug] [2026-10-01T07:24:45.512Z] Checked if tokens are valid: true, expires at: 1790840657930
[debug] [2026-10-01T07:24:45.513Z] >>> [apiv2][query] GET https://cloudfunctions.googleapis.com/v1/projects/shift-controller-4ecaf/locations/-/functions [none]
[debug] [2026-10-01T07:24:45.666Z] <<< [apiv2][status] GET https://cloudfunctions.googleapis.com/v1/projects/shift-controller-4ecaf/locations/-/functions 403
[debug] [2026-10-01T07:24:45.666Z] <<< [apiv2][body] GET https://cloudfunctions.googleapis.com/v1/projects/shift-controller-4ecaf/locations/-/functions {"error":{"code":403,"message":"Cloud Functions API has not been used in project shift-controller-4ecaf before or it is disabled. Enable it by visiting https://console.developers.google.com/apis/api/cloudfunctions.googleapis.com/overview?project=shift-controller-4ecaf then retry. If you enabled this API recently, wait a few minutes for the action to propagate to our systems and retry.","status":"PERMISSION_DENIED","details":[{"@type":"type.googleapis.com/google.rpc.ErrorInfo","reason":"SERVICE_DISABLED","domain":"googleapis.com","metadata":{"consumer":"projects/shift-controller-4ecaf","serviceTitle":"Cloud Functions API","containerInfo":"shift-controller-4ecaf","service":"cloudfunctions.googleapis.com","activationUrl":"https://console.developers.google.com/apis/api/cloudfunctions.googleapis.com/overview?project=shift-controller-4ecaf"}},{"@type":"type.googleapis.com/google.rpc.LocalizedMessage","locale":"en-US","message":"Cloud Functions API has not been used in project shift-controller-4ecaf before or it is disabled. Enable it by visiting https://console.developers.google.com/apis/api/cloudfunctions.googleapis.com/overview?project=shift-controller-4ecaf then retry. If you enabled this API recently, wait a few minutes for the action to propagate to our systems and retry."},{"@type":"type.googleapis.com/google.rpc.Help","links":[{"description":"Google developers console API activation","url":"https://console.developers.google.com/apis/api/cloudfunctions.googleapis.com/overview?project=shift-controller-4ecaf"}]}]}}
[debug] [2026-10-01T07:24:45.666Z] [functions] failed to list functions for shift-controller-4ecaf
[debug] [2026-10-01T07:24:45.666Z] [functions] Request to https://cloudfunctions.googleapis.com/v1/projects/shift-controller-4ecaf/locations/-/functions had HTTP Error: 403, Cloud Functions API has not been used in project shift-controller-4ecaf before or it is disabled. Enable it by visiting https://console.developers.google.com/apis/api/cloudfunctions.googleapis.com/overview?project=shift-controller-4ecaf then retry. If you enabled this API recently, wait a few minutes for the action to propagate to our systems and retry.
[debug] [2026-10-01T07:24:45.741Z] FirebaseError: Request to https://cloudfunctions.googleapis.com/v1/projects/shift-controller-4ecaf/locations/-/functions had HTTP Error: 403, Cloud Functions API has not been used in project shift-controller-4ecaf before or it is disabled. Enable it by visiting https://console.developers.google.com/apis/api/cloudfunctions.googleapis.com/overview?project=shift-controller-4ecaf then retry. If you enabled this API recently, wait a few minutes for the action to propagate to our systems and retry.
    at responseToError (/Users/shoui/ピタコマ/node_modules/firebase-tools/lib/responseToError.js:53:12)
    at RetryOperation._fn (/Users/shoui/ピタコマ/node_modules/firebase-tools/lib/apiv2.js:322:77)
    at process.processTicksAndRejections (node:internal/process/task_queues:105:5)
[error] 
[error] Error: Failed to list functions for shift-controller-4ecaf
